<html>
<body>
<pre>
<h1>µVision Build Log</h1>
<h2>Project:</h2>
C:\Users\ADMIN\Desktop\OnTapHeThongNhung\Phan2\Cau4\Cau4.uvproj
Project File Date:  12/28/2020

<h2>Output:</h2>
Rebuild target 'Target 1'
assembling Startup.s...
compiling main.c...
main.c(13): warning:  #1-D: last line of file ends without a newline
linking...
Program Size: Code=904 RO-data=16 RW-data=0 ZI-data=352  
".\Cau4.axf" - 0 Errors, 1 Warning(s).
Rebuild target 'Target 1'
assembling Startup.s...
compiling main.c...
main.c(16): warning:  #1-D: last line of file ends without a newline
linking...
Program Size: Code=908 RO-data=16 RW-data=0 ZI-data=352  
".\Cau4.axf" - 0 Errors, 1 Warning(s).
Rebuild target 'Target 1'
assembling Startup.s...
compiling main.c...
main.c(31): warning:  #1-D: last line of file ends without a newline
linking...
Program Size: Code=1804 RO-data=172 RW-data=0 ZI-data=352  
".\Cau4.axf" - 0 Errors, 1 Warning(s).
Rebuild target 'Target 1'
assembling Startup.s...
compiling main.c...
main.c(31): warning:  #1-D: last line of file ends without a newline
linking...
Program Size: Code=1804 RO-data=172 RW-data=0 ZI-data=352  
FromELF: creating hex file...
".\Cau4.axf" - 0 Errors, 1 Warning(s).
Rebuild target 'Target 1'
assembling Startup.s...
compiling main.c...
main.c(40): warning:  #1-D: last line of file ends without a newline
linking...
Program Size: Code=1864 RO-data=172 RW-data=0 ZI-data=352  
FromELF: creating hex file...
".\Cau4.axf" - 0 Errors, 1 Warning(s).
